[vmq_nodes]
10.0.2.5 ansible_host=10.0.2.5 ansible_user=ec2-user node_index=1 nodename=VerneMQ@10.0.2.5
10.0.2.99 ansible_host=10.0.2.99 ansible_user=ec2-user node_index=2 nodename=VerneMQ@10.0.2.99
10.0.2.103 ansible_host=10.0.2.103 ansible_user=ec2-user node_index=3 nodename=VerneMQ@10.0.2.103
10.0.2.227 ansible_host=10.0.2.227 ansible_user=ec2-user node_index=4 nodename=VerneMQ@10.0.2.227
10.0.2.184 ansible_host=10.0.2.184 ansible_user=ec2-user node_index=5 nodename=VerneMQ@10.0.2.184

[bench_nodes]
10.0.2.220 ansible_host=10.0.2.220 ansible_user=ec2-user node_index=1
10.0.2.61 ansible_host=10.0.2.61 ansible_user=ec2-user node_index=2
10.0.2.193 ansible_host=10.0.2.193 ansible_user=ec2-user node_index=3

[monitor]
98.92.185.12 ansible_host=98.92.185.12 ansible_user=ec2-user

[private:children]
vmq_nodes
bench_nodes

[private:vars]
ansible_ssh_common_args=-o StrictHostKeyChecking=no -o ProxyJump=ec2-user@98.92.185.12

[monitor:vars]
ansible_ssh_common_args=-o StrictHostKeyChecking=no
